[    0.000000] Linux version 4.12.14-lp150.12.48-default (geeko@buildhost) (gcc version 7.3.1 20180323 [gcc-7-branch revision 258812] (SUSE Linux) ) #1 SMP Tue Feb 12 14:01:48 UTC 2019 (268f014)
[    0.000000] Command line: BOOT_IMAGE=/boot/vmlinuz-4.12.14-lp150.12.48-default root=UUID=cef50f60-8acc-4aa3-aed4-594980de0c72 resume=/dev/disk/by-id/ata-VBOX_HARDDISK_VBb544263f-1c2a1330-part3 splash=silent quiet showopts
[    0.000000] x86/fpu: Supporting XSAVE feature 0x001: 'x87 floating point registers'
[    0.000000] x86/fpu: Supporting XSAVE feature 0x002: 'SSE registers'
[    0.000000] x86/fpu: Supporting XSAVE feature 0x004: 'AVX registers'
[    0.000000] x86/fpu: xstate_offset[2]:  576, xstate_sizes[2]:  256
[    0.000000] x86/fpu: Enabled xstate features 0x7, context size is 832 bytes, using 'standard' format.
[    0.000000] e820: BIOS-provided physical RAM map:
[    0.000000] BIOS-e820: [mem 0x0000000000000000-0x000000000009fbff] usable
[    0.000000] BIOS-e820: [mem 0x000000000009fc00-0x000000000009ffff] reserved
[    0.000000] BIOS-e820: [mem 0x00000000000f0000-0x00000000000fffff] reserved
[    0.000000] BIOS-e820: [mem 0x0000000000100000-0x00000000dffeffff] usable
[    0.000000] BIOS-e820: [mem 0x00000000dfff0000-0x00000000dfffffff] ACPI data
[    0.000000] BIOS-e820: [mem 0x00000000fec00000-0x00000000fec00fff] reserved
[    0.000000] BIOS-e820: [mem 0x00000000fee00000-0x00000000fee00fff] reserved
[    0.000000] BIOS-e820: [mem 0x00000000fffc0000-0x00000000ffffffff] reserved
[    0.000000] BIOS-e820: [mem 0x0000000100000000-0x000000019fffffff] usable
[    0.000000] NX (Execute Disable) protection: active
[    0.000000] SMBIOS 2.5 present.
[    0.000000] DMI: innotek GmbH VirtualBox/VirtualBox, BIOS VirtualBox 12/01/2006
[    0.000000] Hypervisor detected: KVM
[    0.000000] tsc: Fast TSC calibration using PIT
[    0.000000] e820: update [mem 0x00000000-0x00000fff] usable ==> reserved
[    0.000000] e820: remove [mem 0x000a0000-0x000fffff] usable
[    0.000000] e820: last_pfn = 0x1a0000 max_arch_pfn = 0x400000000
[    0.000000] MTRR default type: uncachable
[    0.000000] MTRR variable ranges disabled:
[    0.000000] MTRR: Disabled
[    0.000000] x86/PAT: MTRRs disabled, skipping PAT initialization too.
[    0.000000] CPU MTRRs all blank - virtualized system.
[    0.000000] x86/PAT: Configuration [0-7]: WB  WT  UC- UC  WB  WT  UC- UC  
[    0.000000] e820: last_pfn = 0xdfff0 max_arch_pfn = 0x400000000
[    0.000000] found SMP MP-table at [mem 0x0009fff0-0x0009ffff] mapped at [ffffffffff200ff0]
[    0.000000] Scanning 1 areas for low memory corruption
[    0.000000] Base memory trampoline at [ffff880000099000] 99000 size 24576
[    0.000000] BRK [0x0305f000, 0x0305ffff] PGTABLE
[    0.000000] BRK [0x03060000, 0x03060fff] PGTABLE
[    0.000000] BRK [0x03061000, 0x03061fff] PGTABLE
[    0.000000] BRK [0x03062000, 0x03062fff] PGTABLE
[    0.000000] BRK [0x03063000, 0x03063fff] PGTABLE
[    0.000000] BRK [0x03064000, 0x03064fff] PGTABLE
[    0.000000] RAMDISK: [mem 0x3695f000-0x374a6fff]
[    0.000000] ACPI: Early table checksum verification disabled
[    0.000000] ACPI: RSDP 0x00000000000E0000 000024 (v02 VBOX  )
[    0.000000] ACPI: XSDT 0x00000000DFFF0030 00003C (v01 VBOX   VBOXXSDT 00000001 ASL  00000061)
[    0.000000] ACPI: FACP 0x00000000DFFF00F0 0000F4 (v04 VBOX   VBOXFACP 00000001 ASL  00000061)
[    0.000000] ACPI: DSDT 0x00000000DFFF0470 0022EA (v02 VBOX   VBOXBIOS 00000002 INTL 20100528)
[    0.000000] ACPI: FACS 0x00000000DFFF0200 000040
[    0.000000] ACPI: FACS 0x00000000DFFF0200 000040
[    0.000000] ACPI: APIC 0x00000000DFFF0240 00005C (v02 VBOX   VBOXAPIC 00000001 ASL  00000061)
[    0.000000] ACPI: SSDT 0x00000000DFFF02A0 0001CC (v01 VBOX   VBOXCPUT 00000002 INTL 20100528)
[    0.000000] ACPI: Local APIC address 0xfee00000
[    0.000000] No NUMA configuration found
[    0.000000] Faking a node at [mem 0x0000000000000000-0x000000019fffffff]
[    0.000000] NODE_DATA(0) allocated [mem 0x19ffe6000-0x19fffbfff]
[    0.000000] kvm-clock: cpu 0, msr 1:9ffdd001, primary cpu clock
[    0.000000] kvm-clock: Using msrs 4b564d01 and 4b564d00
[    0.000000] kvm-clock: using sched offset of 11965674782 cycles
[    0.000000] clocksource: kvm-clock: mask: 0xffffffffffffffff max_cycles: 0x1cd42e4dffb, max_idle_ns: 881590591483 ns
[    0.000000] Zone ranges:
[    0.000000]   DMA      [mem 0x0000000000001000-0x0000000000ffffff]
[    0.000000]   DMA32    [mem 0x0000000001000000-0x00000000ffffffff]
[    0.000000]   Normal   [mem 0x0000000100000000-0x000000019fffffff]
[    0.000000]   Device   empty
[    0.000000] Movable zone start for each node
[    0.000000] Early memory node ranges
[    0.000000]   node   0: [mem 0x0000000000001000-0x000000000009efff]
[    0.000000]   node   0: [mem 0x0000000000100000-0x00000000dffeffff]
[    0.000000]   node   0: [mem 0x0000000100000000-0x000000019fffffff]
[    0.000000] Initmem setup node 0 [mem 0x0000000000001000-0x000000019fffffff]
[    0.000000] On node 0 totalpages: 1572750
[    0.000000]   DMA zone: 64 pages used for memmap
[    0.000000]   DMA zone: 21 pages reserved
[    0.000000]   DMA zone: 3998 pages, LIFO batch:0
[    0.000000]   DMA32 zone: 14272 pages used for memmap
[    0.000000]   DMA32 zone: 913392 pages, LIFO batch:63
[    0.000000]   Normal zone: 10240 pages used for memmap
[    0.000000]   Normal zone: 655360 pages, LIFO batch:63
[    0.000000] ACPI: PM-Timer IO Port: 0x4008
[    0.000000] ACPI: Local APIC address 0xfee00000
[    0.000000] IOAPIC[0]: apic_id 2, version 32, address 0xfec00000, GSI 0-23
[    0.000000] ACPI: INT_SRC_OVR (bus 0 bus_irq 0 global_irq 2 dfl dfl)
[    0.000000] ACPI: INT_SRC_OVR (bus 0 bus_irq 9 global_irq 9 low level)
[    0.000000] ACPI: IRQ0 used by override.
[    0.000000] ACPI: IRQ9 used by override.
[    0.000000] Using ACPI (MADT) for SMP configuration information
[    0.000000] smpboot: Allowing 2 CPUs, 0 hotplug CPUs
[    0.000000] PM: Registered nosave memory: [mem 0x00000000-0x00000fff]
[    0.000000] PM: Registered nosave memory: [mem 0x0009f000-0x0009ffff]
[    0.000000] PM: Registered nosave memory: [mem 0x000a0000-0x000effff]
[    0.000000] PM: Registered nosave memory: [mem 0x000f0000-0x000fffff]
[    0.000000] PM: Registered nosave memory: [mem 0xdfff0000-0xdfffffff]
[    0.000000] PM: Registered nosave memory: [mem 0xe0000000-0xfebfffff]
[    0.000000] PM: Registered nosave memory: [mem 0xfec00000-0xfec00fff]
[    0.000000] PM: Registered nosave memory: [mem 0xfec01000-0xfedfffff]
[    0.000000] PM: Registered nosave memory: [mem 0xfee00000-0xfee00fff]
[    0.000000] PM: Registered nosave memory: [mem 0xfee01000-0xfffbffff]
[    0.000000] PM: Registered nosave memory: [mem 0xfffc0000-0xffffffff]
[    0.000000] e820: [mem 0xe0000000-0xfebfffff] available for PCI devices
[    0.000000] Booting paravirtualized kernel on KVM
[    0.000000] clocksource: refined-jiffies: mask: 0xffffffff max_cycles: 0xffffffff, max_idle_ns: 7645519600211568 ns
[    0.000000] setup_percpu: NR_CPUS:512 nr_cpumask_bits:512 nr_cpu_ids:2 nr_node_ids:1
[    0.000000] percpu: Embedded 48 pages/cpu @ffff88019fc00000 s159744 r8192 d28672 u1048576
[    0.000000] pcpu-alloc: s159744 r8192 d28672 u1048576 alloc=1*2097152
[    0.000000] pcpu-alloc: [0] 0 1 
[    0.000000] PV qspinlock hash table entries: 256 (order: 0, 4096 bytes)
[    0.000000] Built 1 zonelists in Node order, mobility grouping on.  Total pages: 1548153
[    0.000000] Policy zone: Normal
[    0.000000] Kernel command line: BOOT_IMAGE=/boot/vmlinuz-4.12.14-lp150.12.48-default root=UUID=cef50f60-8acc-4aa3-aed4-594980de0c72 resume=/dev/disk/by-id/ata-VBOX_HARDDISK_VBb544263f-1c2a1330-part3 splash=silent quiet showopts
[    0.000000] PID hash table entries: 4096 (order: 3, 32768 bytes)
[    0.000000] Memory: 5787408K/6291000K available (10256K kernel code, 1434K rwdata, 3340K rodata, 2052K init, 9908K bss, 209660K reserved, 0K cma-reserved)
[    0.000000] Kernel/User page tables isolation: enabled
[    0.000000] ftrace: allocating 33253 entries in 130 pages
[    0.004000] Hierarchical RCU implementation.
[    0.004000] 	RCU event tracing is enabled.
[    0.004000] 	RCU restricting CPUs from NR_CPUS=512 to nr_cpu_ids=2.
[    0.004000] RCU: Adjusting geometry for rcu_fanout_leaf=16, nr_cpu_ids=2
[    0.004000] NR_IRQS:33024 nr_irqs:440 16
[    0.004000] Console: colour dummy device 80x25
[    0.004000] console [tty0] enabled
[    0.004000] tsc: Detected 1799.998 MHz processor
[    0.004000] Calibrating delay loop (skipped) preset value.. 3599.99 BogoMIPS (lpj=7199992)
[    0.004000] pid_max: default: 32768 minimum: 301
[    0.004000] ACPI: Core revision 20170303
[    0.004000] ACPI: 2 ACPI AML tables successfully acquired and loaded
[    0.004000] Security Framework initialized
[    0.004000] AppArmor: AppArmor initialized
[    0.012168] Dentry cache hash table entries: 1048576 (order: 11, 8388608 bytes)
[    0.020154] Inode-cache hash table entries: 524288 (order: 10, 4194304 bytes)
[    0.020183] Mount-cache hash table entries: 16384 (order: 5, 131072 bytes)
[    0.020195] Mountpoint-cache hash table entries: 16384 (order: 5, 131072 bytes)
[    0.020429] mce: CPU supports 0 MCE banks
[    0.020452] Last level iTLB entries: 4KB 64, 2MB 8, 4MB 8
[    0.020454] Last level dTLB entries: 4KB 64, 2MB 0, 4MB 0, 1GB 4
[    0.020456] Spectre V2 : Mitigation: Full generic retpoline
[    0.020456] Spectre V2 : Spectre v2 / SpectreRSB mitigation: Filling RSB on context switch
[    0.020458] Speculative Store Bypass: Vulnerable
[    0.020635] Freeing SMP alternatives memory: 32K
[    0.024347] x2apic enabled
[    0.024664] Switched APIC routing to physical x2apic.
[    0.026078] ..TIMER: vector=0x30 apic1=0 pin1=2 apic2=-1 pin2=-1
[    0.032000] smpboot: CPU0: Intel(R) Core(TM) i5-8250U CPU @ 1.60GHz (family: 0x6, model: 0x8e, stepping: 0xa)
[    0.032000] Performance Events: unsupported p6 CPU model 142 no PMU driver, software events only.
[    0.032000] smp: Bringing up secondary CPUs ...
[    0.032000] x86: Booting SMP configuration:
[    0.032000] .... node  #0, CPUs:      #1
[    0.004000] kvm-clock: cpu 1, msr 1:9ffdd041, secondary cpu clock
[    0.004000] mce: CPU supports 0 MCE banks
[    0.032000] smp: Brought up 1 node, 2 CPUs
[    0.032000] smpboot: Max logical packages: 1
[    0.032000] smpboot: Total of 2 processors activated (7199.99 BogoMIPS)
[    0.032000] node 0 initialised, 73483 pages in 4ms
[    0.032178] devtmpfs: initialized
[    0.032178] x86/mm: Memory block size: 128MB
[    0.033742] evm: security.selinux
[    0.033743] evm: security.ima
[    0.033743] evm: security.capability
[    0.033769] clocksource: jiffies: mask: 0xffffffff max_cycles: 0xffffffff, max_idle_ns: 7645041785100000 ns
[    0.033769] futex hash table entries: 512 (order: 3, 32768 bytes)
[    0.033769] pinctrl core: initialized pinctrl subsystem
[    0.033769] RTC time: 22:34:14, date: 04/14/19
[    0.033769] NET: Registered protocol family 16
[    0.033769] cpuidle: using governor ladder
[    0.033769] cpuidle: using governor menu
[    0.033769] ACPI: bus type PCI registered
[    0.033769] acpiphp: ACPI Hot Plug PCI Controller Driver version: 0.5
[    0.036019] PCI: Using configuration type 1 for base access
[    0.036941] HugeTLB registered 2 MB page size, pre-allocated 0 pages
[    0.036941] ACPI: Added _OSI(Module Device)
[    0.036941] ACPI: Added _OSI(Processor Device)
[    0.036941] ACPI: Added _OSI(3.0 _SCP Extensions)
[    0.036941] ACPI: Added _OSI(Processor Aggregator Device)
[    0.036941] ACPI: Executed 1 blocks of module-level executable AML code
[    0.041667] ACPI: Interpreter enabled
[    0.041677] ACPI: (supports S0 S5)
[    0.041678] ACPI: Using IOAPIC for interrupt routing
[    0.041942] PCI: Using host bridge windows from ACPI; if necessary, use "pci=nocrs" and report a bug
[    0.042115] ACPI: Enabled 2 GPEs in block 00 to 07
[    0.049251] ACPI: PCI Root Bridge [PCI0] (domain 0000 [bus 00-ff])
[    0.049255] acpi PNP0A03:00: _OSC: OS supports [ASPM ClockPM Segments MSI]
[    0.049840] acpi PNP0A03:00: _OSC: not requesting OS control; OS requires [ExtendedConfig ASPM ClockPM MSI]
[    0.049848] acpi PNP0A03:00: fail to add MMCONFIG information, can't access extended PCI configuration space under this bridge.
[    0.050203] PCI host bridge to bus 0000:00
[    0.050205] pci_bus 0000:00: root bus resource [io  0x0000-0x0cf7 window]
[    0.050206] pci_bus 0000:00: root bus resource [io  0x0d00-0xffff window]
[    0.050207] pci_bus 0000:00: root bus resource [mem 0x000a0000-0x000bffff window]
[    0.050208] pci_bus 0000:00: root bus resource [mem 0xe0000000-0xfdffffff window]
[    0.050210] pci_bus 0000:00: root bus resource [bus 00-ff]
[    0.050254] pci 0000:00:00.0: [8086:1237] type 00 class 0x060000
[    0.050846] pci 0000:00:01.0: [8086:7000] type 00 class 0x060100
[    0.051587] pci 0000:00:01.1: [8086:7111] type 00 class 0x01018a
[    0.051991] pci 0000:00:01.1: reg 0x20: [io  0xd000-0xd00f]
[    0.052132] pci 0000:00:01.1: legacy IDE quirk: reg 0x10: [io  0x01f0-0x01f7]
[    0.052133] pci 0000:00:01.1: legacy IDE quirk: reg 0x14: [io  0x03f6]
[    0.052134] pci 0000:00:01.1: legacy IDE quirk: reg 0x18: [io  0x0170-0x0177]
[    0.052135] pci 0000:00:01.1: legacy IDE quirk: reg 0x1c: [io  0x0376]
[    0.052382] pci 0000:00:02.0: [15ad:0405] type 00 class 0x030000
[    0.056581] pci 0000:00:02.0: reg 0x10: [io  0xd010-0xd01f]
[    0.060528] pci 0000:00:02.0: reg 0x14: [mem 0xf0000000-0xf3ffffff]
[    0.064526] pci 0000:00:02.0: reg 0x18: [mem 0xf4000000-0xf41fffff]
[    0.080930] pci 0000:00:03.0: [8086:100e] type 00 class 0x020000
[    0.084084] pci 0000:00:03.0: reg 0x10: [mem 0xf4200000-0xf421ffff]
[    0.092060] pci 0000:00:03.0: reg 0x18: [io  0xd020-0xd027]
[    0.104679] pci 0000:00:04.0: [80ee:cafe] type 00 class 0x088000
[    0.108126] pci 0000:00:04.0: reg 0x10: [io  0xd040-0xd05f]
[    0.112076] pci 0000:00:04.0: reg 0x14: [mem 0xf4400000-0xf47fffff]
[    0.116077] pci 0000:00:04.0: reg 0x18: [mem 0xf4800000-0xf4803fff pref]
[    0.128495] pci 0000:00:05.0: [8086:2415] type 00 class 0x040100
[    0.128613] pci 0000:00:05.0: reg 0x10: [io  0xd100-0xd1ff]
[    0.128706] pci 0000:00:05.0: reg 0x14: [io  0xd200-0xd23f]
[    0.132212] pci 0000:00:06.0: [106b:003f] type 00 class 0x0c0310
[    0.135609] pci 0000:00:06.0: reg 0x10: [mem 0xf4804000-0xf4804fff]
[    0.152571] pci 0000:00:07.0: [8086:7113] type 00 class 0x068000
[    0.156194] pci 0000:00:07.0: quirk: [io  0x4000-0x403f] claimed by PIIX4 ACPI
[    0.156205] pci 0000:00:07.0: quirk: [io  0x4100-0x410f] claimed by PIIX4 SMB
[    0.156524] pci 0000:00:0b.0: [8086:265c] type 00 class 0x0c0320
[    0.160025] pci 0000:00:0b.0: reg 0x10: [mem 0xf4805000-0xf4805fff]
[    0.180397] pci 0000:00:0d.0: [8086:2829] type 00 class 0x010601
[    0.184000] pci 0000:00:0d.0: reg 0x10: [io  0xd240-0xd247]
[    0.184124] pci 0000:00:0d.0: reg 0x14: [io  0xd248-0xd24b]
[    0.188078] pci 0000:00:0d.0: reg 0x18: [io  0xd250-0xd257]
[    0.192075] pci 0000:00:0d.0: reg 0x1c: [io  0xd258-0xd25b]
[    0.196070] pci 0000:00:0d.0: reg 0x20: [io  0xd260-0xd26f]
[    0.200068] pci 0000:00:0d.0: reg 0x24: [mem 0xf4806000-0xf4807fff]
[    0.206018] ACPI: PCI Interrupt Link [LNKA] (IRQs 5 9 10 *11)
[    0.206384] ACPI: PCI Interrupt Link [LNKB] (IRQs 5 9 *10 11)
[    0.206509] ACPI: PCI Interrupt Link [LNKC] (IRQs 5 *9 10 11)
[    0.206633] ACPI: PCI Interrupt Link [LNKD] (IRQs 5 9 10 *11)
[    0.206837] pci 0000:00:02.0: vgaarb: setting as boot VGA device
[    0.206837] pci 0000:00:02.0: vgaarb: VGA device added: decodes=io+mem,owns=io+mem,locks=none
[    0.206837] pci 0000:00:02.0: vgaarb: bridge control possible
[    0.206837] vgaarb: loaded
[    0.206837] SCSI subsystem initialized
[    0.206837] libata version 3.00 loaded.
[    0.206837] EDAC MC: Ver: 3.0.0
[    0.206837] PCI: Using ACPI for IRQ routing
[    0.206837] PCI: pci_cache_line_size set to 64 bytes
[    0.206837] e820: reserve RAM buffer [mem 0x0009fc00-0x0009ffff]
[    0.206837] e820: reserve RAM buffer [mem 0xdfff0000-0xdfffffff]
[    0.206837] NetLabel: Initializing
[    0.206837] NetLabel:  domain hash size = 128
[    0.206837] NetLabel:  protocols = UNLABELED CIPSOv4 CALIPSO
[    0.206837] NetLabel:  unlabeled traffic allowed by default
[    0.206837] clocksource: Switched to clocksource kvm-clock
[    0.221729] VFS: Disk quotas dquot_6.6.0
[    0.221746] VFS: Dquot-cache hash table entries: 512 (order 0, 4096 bytes)
[    0.221834] AppArmor: AppArmor Filesystem Enabled
[    0.221869] pnp: PnP ACPI init
[    0.221940] pnp 00:00: Plug and Play ACPI device, IDs PNP0303 (active)
[    0.222012] pnp 00:01: Plug and Play ACPI device, IDs PNP0f03 (active)
[    0.222877] pnp: PnP ACPI: found 2 devices
[    0.231627] clocksource: acpi_pm: mask: 0xffffff max_cycles: 0xffffff, max_idle_ns: 2085701024 ns
[    0.231640] pci_bus 0000:00: resource 4 [io  0x0000-0x0cf7 window]
[    0.231641] pci_bus 0000:00: resource 5 [io  0x0d00-0xffff window]
[    0.231643] pci_bus 0000:00: resource 6 [mem 0x000a0000-0x000bffff window]
[    0.231644] pci_bus 0000:00: resource 7 [mem 0xe0000000-0xfdffffff window]
[    0.231687] NET: Registered protocol family 2
[    0.231823] TCP established hash table entries: 65536 (order: 7, 524288 bytes)
[    0.234801] TCP bind hash table entries: 65536 (order: 8, 1048576 bytes)
[    0.234974] TCP: Hash tables configured (established 65536 bind 65536)
[    0.235000] UDP hash table entries: 4096 (order: 5, 131072 bytes)
[    0.235016] UDP-Lite hash table entries: 4096 (order: 5, 131072 bytes)
[    0.235057] NET: Registered protocol family 1
[    0.235065] pci 0000:00:00.0: Limiting direct PCI/PCI transfers
[    0.235095] pci 0000:00:01.0: Activating ISA DMA hang workarounds
[    0.235150] pci 0000:00:02.0: Video device with shadowed ROM at [mem 0x000c0000-0x000dffff]
[    0.238042] PCI: CLS 0 bytes, default 64
[    0.238085] Unpacking initramfs...
[    1.168301] Freeing initrd memory: 11552K
[    1.168319] PCI-DMA: Using software bounce buffering for IO (SWIOTLB)
[    1.168322] software IO TLB [mem 0xdbff0000-0xdfff0000] (64MB) mapped at [ffff8800dbff0000-ffff8800dffeffff]
[    1.168546] RAPL PMU: API unit is 2^-32 Joules, 5 fixed counters, 10737418240 ms ovfl timer
[    1.168547] RAPL PMU: hw unit of domain pp0-core 2^-0 Joules
[    1.168547] RAPL PMU: hw unit of domain package 2^-0 Joules
[    1.168548] RAPL PMU: hw unit of domain dram 2^-0 Joules
[    1.168549] RAPL PMU: hw unit of domain pp1-gpu 2^-0 Joules
[    1.168549] RAPL PMU: hw unit of domain psys 2^-0 Joules
[    1.168553] clocksource: tsc: mask: 0xffffffffffffffff max_cycles: 0x19f227af07c, max_idle_ns: 440795246167 ns
[    1.168588] platform rtc_cmos: registered platform RTC device (no PNP device found)
[    1.168603] Scanning for low memory corruption every 60 seconds
[    1.169180] audit: initializing netlink subsys (disabled)
[    1.169391] audit: type=2000 audit(1555281270.616:1): state=initialized audit_enabled=0 res=1
[    1.169749] workingset: timestamp_bits=37 max_order=21 bucket_order=0
[    1.169869] zbud: loaded
[    1.177438] Key type asymmetric registered
[    1.177439] Asymmetric key parser 'x509' registered
[    1.177455] Block layer SCSI generic (bsg) driver version 0.4 loaded (major 248)
[    1.177504] io scheduler noop registered
[    1.177505] io scheduler deadline registered
[    1.177517] io scheduler cfq registered (default)
[    1.177518] io scheduler mq-deadline registered
[    1.177518] io scheduler kyber registered
[    1.177523] io scheduler bfq registered
[    1.177635] vesafb: mode is 640x480x32, linelength=2560, pages=0
[    1.177635] vesafb: scrolling: redraw
[    1.177637] vesafb: Truecolor: size=8:8:8:8, shift=24:16:8:0
[    1.177643] vesafb: framebuffer at 0xf0000000, mapped to 0xffffc90001200000, using 1216k, total 1216k
[    1.179106] Console: switching to colour frame buffer device 80x30
[    1.180187] fb0: VESA VGA frame buffer device
[    1.180202] intel_idle: does not run on family 6 model 142
[    1.180267] GHES: HEST is not enabled!
[    1.180442] Serial: 8250/16550 driver, 32 ports, IRQ sharing enabled
[    1.182971] Non-volatile memory driver v1.3
[    1.183094] Linux agpgart interface v0.103
[    1.183536] i8042: PNP: PS/2 Controller [PNP0303:PS2K,PNP0f03:PS2M] at 0x60,0x64 irq 1,12
[    1.184027] serio: i8042 KBD port at 0x60,0x64 irq 1
[    1.184031] serio: i8042 AUX port at 0x60,0x64 irq 12
[    1.184244] mousedev: PS/2 mouse device common for all mice
[    1.184638] input: AT Translated Set 2 keyboard as /devices/platform/i8042/serio0/input/input0
[    1.184693] rtc_cmos rtc_cmos: rtc core: registered rtc_cmos as rtc0
[    1.184761] rtc_cmos rtc_cmos: alarms up to one day, 114 bytes nvram
[    1.185621] ledtrig-cpu: registered to indicate activity on CPUs
[    1.185632] hidraw: raw HID events driver (C) Jiri Kosina
[    1.185740] NET: Registered protocol family 10
[    1.190357] Segment Routing with IPv6
[    1.190721] sched_clock: Marking stable (1190676158, 0)->(1841460477, -650784319)
[    1.191602] registered taskstats version 1
[    1.191619] zswap: loaded using pool lzo/zbud
[    1.191810] page_owner is disabled
[    1.197477] Key type big_key registered
[    1.199563] Key type encrypted registered
[    1.199566] AppArmor: AppArmor sha1 policy hashing enabled
[    1.199568] ima: No TPM chip found, activating TPM-bypass! (rc=-19)
[    1.199569] ima: Allocated hash algorithm: sha256
[    1.199581] evm: HMAC attrs: 0x1
[    1.199671]   Magic number: 15:403:603
[    1.199791] rtc_cmos rtc_cmos: setting system clock to 2019-04-14 22:34:15 UTC (1555281255)
[    1.199816] PM: Checking hibernation image partition /dev/disk/by-id/ata-VBOX_HARDDISK_VBb544263f-1c2a1330-part3
[    1.417907] input: ImExPS/2 Generic Explorer Mouse as /devices/platform/i8042/serio1/input/input2
[    1.418313] PM: Hibernation image not present or could not be loaded.
[    1.420079] Freeing unused kernel memory: 2052K
[    1.432419] Write protecting the kernel read-only data: 16384k
[    1.433063] Freeing unused kernel memory: 2016K
[    1.434674] Freeing unused kernel memory: 756K
[    1.442055] systemd[1]: systemd 234 running in system mode. (+PAM -AUDIT +SELINUX -IMA +APPARMOR -SMACK +SYSVINIT +UTMP +LIBCRYPTSETUP +GCRYPT -GNUTLS +ACL +XZ +LZ4 +SECCOMP +BLKID -ELFUTILS +KMOD -IDN2 -IDN default-hierarchy=hybrid)
[    1.442095] systemd[1]: Detected virtualization oracle.
[    1.442099] systemd[1]: Detected architecture x86-64.
[    1.442101] systemd[1]: Running in initial RAM disk.
[    1.442128] systemd[1]: Set hostname to <linux-je7b>.
[    1.488237] random: systemd: uninitialized urandom read (16 bytes read)
[    1.488271] systemd[1]: Listening on udev Control Socket.
[    1.488308] random: systemd: uninitialized urandom read (16 bytes read)
[    1.488324] systemd[1]: Listening on udev Kernel Socket.
[    1.488332] random: systemd: uninitialized urandom read (16 bytes read)
[    1.488338] systemd[1]: Reached target Swap.
[    1.488375] systemd[1]: Listening on Journal Socket (/dev/log).
[    1.488408] systemd[1]: Listening on Journal Socket.
[    1.500713] alua: device handler registered
[    1.501039] emc: device handler registered
[    1.501313] rdac: device handler registered
[    1.503920] device-mapper: uevent: version 1.0.3
[    1.503997] device-mapper: ioctl: 4.37.0-ioctl (2017-09-20) initialised: dm-devel@redhat.com
[    1.791447] ACPI: bus type USB registered
[    1.791465] usbcore: registered new interface driver usbfs
[    1.791472] usbcore: registered new interface driver hub
[    1.791485] usbcore: registered new device driver usb
[    1.792767] ehci_hcd: USB 2.0 'Enhanced' Host Controller (EHCI) Driver
[    1.793743] ehci-pci: EHCI PCI platform driver
[    1.794610] ehci-pci 0000:00:0b.0: EHCI Host Controller
[    1.794620] ehci-pci 0000:00:0b.0: new USB bus registered, assigned bus number 1
[    1.794866] ehci-pci 0000:00:0b.0: irq 19, io mem 0xf4805000
[    1.806907] ohci_hcd: USB 1.1 'Open' Host Controller (OHCI) Driver
[    1.812385] ehci-pci 0000:00:0b.0: USB 2.0 started, EHCI 1.00
[    1.812436] usb usb1: New USB device found, idVendor=1d6b, idProduct=0002
[    1.812437] usb usb1: New USB device strings: Mfr=3, Product=2, SerialNumber=1
[    1.812439] usb usb1: Product: EHCI Host Controller
[    1.812440] usb usb1: Manufacturer: Linux 4.12.14-lp150.12.48-default ehci_hcd
[    1.812441] usb usb1: SerialNumber: 0000:00:0b.0
[    1.812535] hub 1-0:1.0: USB hub found
[    1.812540] hub 1-0:1.0: 12 ports detected
[    1.812752] ahci 0000:00:0d.0: version 3.0
[    1.813470] ahci 0000:00:0d.0: SSS flag set, parallel bus scan disabled
[    1.813625] ahci 0000:00:0d.0: AHCI 0001.0100 32 slots 1 ports 3 Gbps 0x1 impl SATA mode
[    1.813627] ahci 0000:00:0d.0: flags: 64bit ncq stag only ccc 
[    1.814459] scsi host0: ahci
[    1.814507] ata1: SATA max UDMA/133 abar m8192@0xf4806000 port 0xf4806100 irq 21
[    1.837481] ohci-pci: OHCI PCI platform driver
[    1.843161] [drm] DMA map mode: Using physical TTM page addresses.
[    1.843209] [drm] Capabilities:
[    1.843210] [drm]   Cursor.
[    1.843210] [drm]   Cursor bypass 2.
[    1.843210] [drm]   Alpha cursor.
[    1.843211] [drm]   3D.
[    1.843211] [drm]   Extended Fifo.
[    1.843211] [drm]   Pitchlock.
[    1.843212] [drm]   Irq mask.
[    1.843212] [drm]   GMR.
[    1.843212] [drm]   Traces.
[    1.843213] [drm]   GMR2.
[    1.843213] [drm]   Screen Object 2.
[    1.843214] [drm] Max GMR ids is 8192
[    1.843215] [drm] Max number of GMR pages is 1048576
[    1.843215] [drm] Max dedicated hypervisor surface memory is 487424 kiB
[    1.843216] [drm] Maximum display memory size is 36864 kiB
[    1.843216] [drm] VRAM at 0xf0000000 size is 36864 kiB
[    1.843217] [drm] MMIO at 0xf4000000 size is 2048 kiB
[    1.843218] [drm] global init.
[    1.845527] [TTM] Zone  kernel: Available graphics memory: 3048874 kiB
[    1.845528] [TTM] Zone   dma32: Available graphics memory: 2097152 kiB
[    1.845529] [TTM] Initializing pool allocator
[    1.845531] [TTM] Initializing DMA pool allocator
[    1.845568] vmwgfx 0000:00:02.0: BAR 1: can't reserve [mem 0xf0000000-0xf3ffffff]
[    1.845569] [drm] It appears like vesafb is loaded. Ignore above error if any.
[    1.845639] [drm] Supports vblank timestamp caching Rev 2 (21.10.2013).
[    1.845639] [drm] No driver support for vblank timestamp query.
[    1.845851] [drm] Screen Objects Display Unit initialized
[    1.845888] [drm] width 640
[    1.845898] [drm] height 480
[    1.845908] [drm] bpp 32
[    1.846227] [drm] Fifo max 0x00200000 min 0x00001000 cap 0x00000311
[    1.846234] [drm] DX: no.
[    1.846234] [drm] Atomic: yes
[    1.846249] [drm:vmw_host_log [vmwgfx]] *ERROR* Failed to send log
[    1.846316] [drm:vmw_host_log [vmwgfx]] *ERROR* Failed to send log
[    1.879030] checking generic (f0000000 130000) vs hw (f0000000 2400000)
[    1.879032] fb: switching to svgadrmfb from VESA VGA
[    1.879054] Console: switching to colour dummy device 80x25
[    1.880044] random: crng init done
[    1.880045] random: 7 urandom warning(s) missed due to ratelimiting
[    1.884414] fbcon: svgadrmfb (fb0) is primary device
[    1.885597] Console: switching to colour frame buffer device 100x37
[    1.886491] [drm] Initialized vmwgfx 2.13.0 20170607 for 0000:00:02.0 on minor 0
[    1.887657] ohci-pci 0000:00:06.0: OHCI PCI host controller
[    1.887666] ohci-pci 0000:00:06.0: new USB bus registered, assigned bus number 2
[    1.887765] ohci-pci 0000:00:06.0: irq 22, io mem 0xf4804000
[    1.949888] usb usb2: New USB device found, idVendor=1d6b, idProduct=0001
[    1.949890] usb usb2: New USB device strings: Mfr=3, Product=2, SerialNumber=1
[    1.949892] usb usb2: Product: OHCI PCI host controller
[    1.949893] usb usb2: Manufacturer: Linux 4.12.14-lp150.12.48-default ohci_hcd
[    1.949894] usb usb2: SerialNumber: 0000:00:06.0
[    1.950019] hub 2-0:1.0: USB hub found
[    1.950034] hub 2-0:1.0: 12 ports detected
[    1.950558] ata_piix 0000:00:01.1: version 2.13
[    1.951938] scsi host1: ata_piix
[    1.952640] scsi host2: ata_piix
[    1.952674] ata2: PATA max UDMA/33 cmd 0x1f0 ctl 0x3f6 bmdma 0xd000 irq 14
[    1.952675] ata3: PATA max UDMA/33 cmd 0x170 ctl 0x376 bmdma 0xd008 irq 15
[    2.113081] ata3.00: ATAPI: VBOX CD-ROM, 1.0, max UDMA/133
[    2.113464] ata3.00: configured for UDMA/33
[    2.131892] ata1: SATA link up 3.0 Gbps (SStatus 123 SControl 300)
[    2.132159] ata1.00: ATA-6: VBOX HARDDISK, 1.0, max UDMA/133
[    2.132161] ata1.00: 204800000 sectors, multi 128: LBA48 NCQ (depth 31/32)
[    2.132514] ata1.00: configured for UDMA/133
[    2.132612] scsi 0:0:0:0: Direct-Access     ATA      VBOX HARDDISK    1.0  PQ: 0 ANSI: 5
[    2.132784] sd 0:0:0:0: Attached scsi generic sg0 type 0
[    2.132858] sd 0:0:0:0: [sda] 204800000 512-byte logical blocks: (105 GB/97.7 GiB)
[    2.132864] sd 0:0:0:0: [sda] Write Protect is off
[    2.132865] sd 0:0:0:0: [sda] Mode Sense: 00 3a 00 00
[    2.132874] sd 0:0:0:0: [sda] Write cache: enabled, read cache: enabled, doesn't support DPO or FUA
[    2.133554] scsi 2:0:0:0: CD-ROM            VBOX     CD-ROM           1.0  PQ: 0 ANSI: 5
[    2.134116] scsi 2:0:0:0: Attached scsi generic sg1 type 5
[    2.137769]  sda: sda1 sda2 sda3
[    2.138266] sd 0:0:0:0: [sda] Attached SCSI disk
[    2.152859] sr 2:0:0:0: [sr0] scsi3-mmc drive: 32x/32x xa/form2 tray
[    2.152861] cdrom: Uniform CD-ROM driver Revision: 3.20
[    2.153058] sr 2:0:0:0: Attached scsi CD-ROM sr0
[    2.276307] raid6: sse2x1   gen() 11880 MB/s
[    2.344617] raid6: sse2x1   xor()  8877 MB/s
[    2.404196] usb 2-1: new full-speed USB device number 2 using ohci-pci
[    2.412015] raid6: sse2x2   gen() 14407 MB/s
[    2.480331] raid6: sse2x2   xor()  9914 MB/s
[    2.548567] raid6: sse2x4   gen() 16887 MB/s
[    2.616885] raid6: sse2x4   xor() 10412 MB/s
[    2.685247] raid6: avx2x1   gen() 24504 MB/s
[    2.737050] usb 2-1: New USB device found, idVendor=80ee, idProduct=0021
[    2.737052] usb 2-1: New USB device strings: Mfr=1, Product=3, SerialNumber=0
[    2.737053] usb 2-1: Product: USB Tablet
[    2.737054] usb 2-1: Manufacturer: VirtualBox
[    2.752556] raid6: avx2x1   xor() 16822 MB/s
[    2.763562] usbcore: registered new interface driver usbhid
[    2.763563] usbhid: USB HID core driver
[    2.764592] input: VirtualBox USB Tablet as /devices/pci0000:00/0000:00:06.0/usb2/2-1/2-1:1.0/0003:80EE:0021.0001/input/input3
[    2.765123] hid-generic 0003:80EE:0021.0001: input,hidraw0: USB HID v1.10 Mouse [VirtualBox USB Tablet] on usb-0000:00:06.0-1/input0
[    2.820017] raid6: avx2x2   gen() 27879 MB/s
[    2.888255] raid6: avx2x2   xor() 18658 MB/s
[    2.956596] raid6: avx2x4   gen() 33252 MB/s
[    3.024018] raid6: avx2x4   xor() 19872 MB/s
[    3.024019] raid6: using algorithm avx2x4 gen() 33252 MB/s
[    3.024020] raid6: .... xor() 19872 MB/s, rmw enabled
[    3.024021] raid6: using avx2x2 recovery algorithm
[    3.024604] xor: automatically using best checksumming function   avx       
[    3.053107] Btrfs loaded, crc32c=crc32c-intel, assert=on
[    3.061454] BTRFS: device fsid cef50f60-8acc-4aa3-aed4-594980de0c72 devid 1 transid 2032 /dev/sda2
[   91.723753] BTRFS info (device sda2): disk space caching is enabled
[   91.723754] BTRFS info (device sda2): has skinny extents
[   91.918289] systemd-journald[139]: Received SIGTERM from PID 1 (systemd).
[   91.945110] systemd: 19 output lines suppressed due to ratelimiting
[   92.475218] BTRFS info (device sda2): disk space caching is enabled
[   92.777810] input: Power Button as /devices/LNXSYSTM:00/LNXPWRBN:00/input/input4
[   92.779131] ACPI: Power Button [PWRF]
[   92.779214] input: Sleep Button as /devices/LNXSYSTM:00/LNXSLPBN:00/input/input5
[   92.781360] ACPI: Sleep Button [SLPF]
[   92.787614] ACPI: Video Device [GFX0] (multi-head: yes  rom: no  post: no)
[   92.787681] input: Video Bus as /devices/LNXSYSTM:00/LNXSYBUS:00/PNP0A03:00/LNXVIDEO:00/input/input6
[   92.790388] ACPI: Deprecated procfs I/F for battery is loaded, please retry with CONFIG_ACPI_PROCFS_POWER cleared
[   92.790390] ACPI: Battery Slot [BAT0] (battery present)
[   92.849299] vboxguest: loading out-of-tree module taints kernel.
[   92.864092] piix4_smbus 0000:00:07.0: SMBus Host Controller at 0x4100, revision 0
[   92.882243] ACPI: Deprecated procfs I/F for AC is loaded, please retry with CONFIG_ACPI_PROCFS_POWER cleared
[   92.882270] ACPI: AC Adapter [AC] (on-line)
[   92.892274] vgdrvHeartbeatInit: Setting up heartbeat to trigger every 2000 milliseconds
[   92.892426] input: Unspecified device as /devices/pci0000:00/0000:00:04.0/input/input7
[   92.906727] e1000: Intel(R) PRO/1000 Network Driver - version 7.3.21-k8-NAPI
[   92.906728] e1000: Copyright (c) 1999-2006 Intel Corporation.
[   92.913112] vboxguest: misc device minor 57, IRQ 20, I/O port d040, MMIO at 00000000f4400000 (size 0x400000)
[   92.913113] vboxguest: Successfully loaded version 6.0.4 (interface 0x00010004)
[   92.929416] input: PC Speaker as /devices/platform/pcspkr/input/input8
[   92.991981] AVX2 version of gcm_enc/dec engaged.
[   92.991982] AES CTR mode by8 optimization enabled
[   93.164739] Adding 18504680k swap on /dev/sda3.  Priority:-1 extents:1 across:18504680k FS
[   93.362254] e1000 0000:00:03.0 eth0: (PCI:33MHz:32-bit) 08:00:27:e3:fd:ac
[   93.362263] e1000 0000:00:03.0 eth0: Intel(R) PRO/1000 Network Connection
[   93.456556] systemd-journald[395]: Received request to flush runtime journal from PID 1
[   93.571524] audit: type=1400 audit(1555281347.868:2): apparmor="STATUS" operation="profile_load" profile="unconfined" name="ping" pid=656 comm="apparmor_parser"
[   93.607866] audit: type=1400 audit(1555281347.904:3): apparmor="STATUS" operation="profile_load" profile="unconfined" name="klogd" pid=678 comm="apparmor_parser"
[   93.620340] audit: type=1400 audit(1555281347.920:4): apparmor="STATUS" operation="profile_load" profile="unconfined" name="syslogd" pid=693 comm="apparmor_parser"
[   93.631222] snd_intel8x0 0000:00:05.0: white list rate for 1028:0177 is 48000
[   93.653301] audit: type=1400 audit(1555281347.952:5): apparmor="STATUS" operation="profile_load" profile="unconfined" name="syslog-ng" pid=705 comm="apparmor_parser"
[   96.183615] ip_tables: (C) 2000-2006 Netfilter Core Team
[   96.644019] ip6_tables: (C) 2000-2006 Netfilter Core Team
[   96.819586] Ebtables v2.0 registered
[   96.858447] IPv6: ADDRCONF(NETDEV_UP): eth0: link is not ready
[   96.860633] IPv6: ADDRCONF(NETDEV_UP): eth0: link is not ready
[   96.866896] e1000: eth0 NIC Link is Up 1000 Mbps Full Duplex, Flow Control: RX
[   96.867313] IPv6: ADDRCONF(NETDEV_CHANGE): eth0: link becomes ready
[   97.133230] vboxsf: Successfully loaded version 6.0.4 (interface 0x00010004)
[   97.167289] nf_conntrack version 0.5.0 (65536 buckets, 262144 max)
[   97.711683] bridge: filtering via arp/ip/ip6tables is no longer available by default. Update your scripts to load br_netfilter if you need this.
[   97.900737] Netfilter messages via NETLINK v0.30.
[   97.908466] ip_set: protocol 6
[  100.562506] NET: Registered protocol family 17
[  101.001205] 22:35:55.304767 main     VBoxService 6.0.4 r128413 (verbosity: 0) linux.amd64 (Jan 25 2019 19:35:06) release log
               22:35:55.304770 main     Log opened 2019-04-14T22:35:55.304756000Z
[  101.001275] 22:35:55.304938 main     OS Product: Linux
[  101.001303] 22:35:55.304971 main     OS Release: 4.12.14-lp150.12.48-default
[  101.001329] 22:35:55.304999 main     OS Version: #1 SMP Tue Feb 12 14:01:48 UTC 2019 (268f014)
[  101.001363] 22:35:55.305024 main     Executable: /opt/VBoxGuestAdditions-6.0.4/sbin/VBoxService
               22:35:55.305025 main     Process ID: 1671
               22:35:55.305025 main     Package type: LINUX_64BITS_GENERIC
[  101.006012] 22:35:55.309663 main     6.0.4 r128413 started. Verbose level = 0
[  101.007842] 22:35:55.311180 main     vbglR3GuestCtrlDetectPeekGetCancelSupport: Supported (#1)
[  620.863295] BTRFS info (device sda2): qgroup scan completed (inconsistency flag cleared)
[ 1191.534593] traps: vmtoolsd[2070] general protection ip:7fc9b49a207c sp:7ffc32244208 error:0 in libvmtools.so.0.0.0[7fc9b4972000+8c000]
